Archive member included to satisfy reference by file (symbol)

c:/st/stm32cubeide_1.5.1/stm32cubeide/plugins/com.st.stm32cube.ide.mcu.externaltools.gnu-tools-for-stm32.7-2018-q2-update.win32_1.5.0.202011040924/tools/bin/../lib/gcc/arm-none-eabi/7.3.1/../../../../arm-none-eabi/lib/thumb/v7-m\libc_nano.a(lib_a-errno.o)
                              Src/syscalls.o (__errno)
c:/st/stm32cubeide_1.5.1/stm32cubeide/plugins/com.st.stm32cube.ide.mcu.externaltools.gnu-tools-for-stm32.7-2018-q2-update.win32_1.5.0.202011040924/tools/bin/../lib/gcc/arm-none-eabi/7.3.1/../../../../arm-none-eabi/lib/thumb/v7-m\libc_nano.a(lib_a-exit.o)
                              c:/st/stm32cubeide_1.5.1/stm32cubeide/plugins/com.st.stm32cube.ide.mcu.externaltools.gnu-tools-for-stm32.7-2018-q2-update.win32_1.5.0.202011040924/tools/bin/../lib/gcc/arm-none-eabi/7.3.1/../../../../arm-none-eabi/lib/thumb/v7-m/crt0.o (exit)
c:/st/stm32cubeide_1.5.1/stm32cubeide/plugins/com.st.stm32cube.ide.mcu.externaltools.gnu-tools-for-stm32.7-2018-q2-update.win32_1.5.0.202011040924/tools/bin/../lib/gcc/arm-none-eabi/7.3.1/../../../../arm-none-eabi/lib/thumb/v7-m\libc_nano.a(lib_a-impure.o)
                              c:/st/stm32cubeide_1.5.1/stm32cubeide/plugins/com.st.stm32cube.ide.mcu.externaltools.gnu-tools-for-stm32.7-2018-q2-update.win32_1.5.0.202011040924/tools/bin/../lib/gcc/arm-none-eabi/7.3.1/../../../../arm-none-eabi/lib/thumb/v7-m\libc_nano.a(lib_a-exit.o) (_global_impure_ptr)
c:/st/stm32cubeide_1.5.1/stm32cubeide/plugins/com.st.stm32cube.ide.mcu.externaltools.gnu-tools-for-stm32.7-2018-q2-update.win32_1.5.0.202011040924/tools/bin/../lib/gcc/arm-none-eabi/7.3.1/../../../../arm-none-eabi/lib/thumb/v7-m\libc_nano.a(lib_a-init.o)
                              c:/st/stm32cubeide_1.5.1/stm32cubeide/plugins/com.st.stm32cube.ide.mcu.externaltools.gnu-tools-for-stm32.7-2018-q2-update.win32_1.5.0.202011040924/tools/bin/../lib/gcc/arm-none-eabi/7.3.1/../../../../arm-none-eabi/lib/thumb/v7-m/crt0.o (__libc_init_array)
c:/st/stm32cubeide_1.5.1/stm32cubeide/plugins/com.st.stm32cube.ide.mcu.externaltools.gnu-tools-for-stm32.7-2018-q2-update.win32_1.5.0.202011040924/tools/bin/../lib/gcc/arm-none-eabi/7.3.1/../../../../arm-none-eabi/lib/thumb/v7-m\libc_nano.a(lib_a-memset.o)
                              c:/st/stm32cubeide_1.5.1/stm32cubeide/plugins/com.st.stm32cube.ide.mcu.externaltools.gnu-tools-for-stm32.7-2018-q2-update.win32_1.5.0.202011040924/tools/bin/../lib/gcc/arm-none-eabi/7.3.1/../../../../arm-none-eabi/lib/thumb/v7-m/crt0.o (memset)

Discarded input sections

 .text          0x0000000000000000        0x0 c:/st/stm32cubeide_1.5.1/stm32cubeide/plugins/com.st.stm32cube.ide.mcu.externaltools.gnu-tools-for-stm32.7-2018-q2-update.win32_1.5.0.202011040924/tools/bin/../lib/gcc/arm-none-eabi/7.3.1/thumb/v7-m/crti.o
 .data          0x0000000000000000        0x0 c:/st/stm32cubeide_1.5.1/stm32cubeide/plugins/com.st.stm32cube.ide.mcu.externaltools.gnu-tools-for-stm32.7-2018-q2-update.win32_1.5.0.202011040924/tools/bin/../lib/gcc/arm-none-eabi/7.3.1/thumb/v7-m/crti.o
 .bss           0x0000000000000000        0x0 c:/st/stm32cubeide_1.5.1/stm32cubeide/plugins/com.st.stm32cube.ide.mcu.externaltools.gnu-tools-for-stm32.7-2018-q2-update.win32_1.5.0.202011040924/tools/bin/../lib/gcc/arm-none-eabi/7.3.1/thumb/v7-m/crti.o
 .data          0x0000000000000000        0x4 c:/st/stm32cubeide_1.5.1/stm32cubeide/plugins/com.st.stm32cube.ide.mcu.externaltools.gnu-tools-for-stm32.7-2018-q2-update.win32_1.5.0.202011040924/tools/bin/../lib/gcc/arm-none-eabi/7.3.1/thumb/v7-m/crtbegin.o
 .text          0x0000000000000000       0x74 c:/st/stm32cubeide_1.5.1/stm32cubeide/plugins/com.st.stm32cube.ide.mcu.externaltools.gnu-tools-for-stm32.7-2018-q2-update.win32_1.5.0.202011040924/tools/bin/../lib/gcc/arm-none-eabi/7.3.1/../../../../arm-none-eabi/lib/thumb/v7-m/crt0.o
 .data          0x0000000000000000        0x0 c:/st/stm32cubeide_1.5.1/stm32cubeide/plugins/com.st.stm32cube.ide.mcu.externaltools.gnu-tools-for-stm32.7-2018-q2-update.win32_1.5.0.202011040924/tools/bin/../lib/gcc/arm-none-eabi/7.3.1/../../../../arm-none-eabi/lib/thumb/v7-m/crt0.o
 .bss           0x0000000000000000        0x0 c:/st/stm32cubeide_1.5.1/stm32cubeide/plugins/com.st.stm32cube.ide.mcu.externaltools.gnu-tools-for-stm32.7-2018-q2-update.win32_1.5.0.202011040924/tools/bin/../lib/gcc/arm-none-eabi/7.3.1/../../../../arm-none-eabi/lib/thumb/v7-m/crt0.o
 .ARM.extab     0x0000000000000000        0x0 c:/st/stm32cubeide_1.5.1/stm32cubeide/plugins/com.st.stm32cube.ide.mcu.externaltools.gnu-tools-for-stm32.7-2018-q2-update.win32_1.5.0.202011040924/tools/bin/../lib/gcc/arm-none-eabi/7.3.1/../../../../arm-none-eabi/lib/thumb/v7-m/crt0.o
 .ARM.exidx     0x0000000000000000        0x8 c:/st/stm32cubeide_1.5.1/stm32cubeide/plugins/com.st.stm32cube.ide.mcu.externaltools.gnu-tools-for-stm32.7-2018-q2-update.win32_1.5.0.202011040924/tools/bin/../lib/gcc/arm-none-eabi/7.3.1/../../../../arm-none-eabi/lib/thumb/v7-m/crt0.o
 .ARM.attributes
                0x0000000000000000       0x1b c:/st/stm32cubeide_1.5.1/stm32cubeide/plugins/com.st.stm32cube.ide.mcu.externaltools.gnu-tools-for-stm32.7-2018-q2-update.win32_1.5.0.202011040924/tools/bin/../lib/gcc/arm-none-eabi/7.3.1/../../../../arm-none-eabi/lib/thumb/v7-m/crt0.o
 .group         0x0000000000000000        0xc Src/ADC_program.o
 .group         0x0000000000000000        0xc Src/ADC_program.o
 .group         0x0000000000000000        0xc Src/ADC_program.o
 .group         0x0000000000000000        0xc Src/ADC_program.o
 .group         0x0000000000000000        0xc Src/ADC_program.o
 .group         0x0000000000000000        0xc Src/ADC_program.o
 .text          0x0000000000000000        0x0 Src/ADC_program.o
 .data          0x0000000000000000        0x0 Src/ADC_program.o
 .bss           0x0000000000000000        0x0 Src/ADC_program.o
 .bss.ADC_pfCallBack
                0x0000000000000000        0x4 Src/ADC_program.o
 .text.MADC_voidInit
                0x0000000000000000       0x84 Src/ADC_program.o
 .text.MADC_voidEnableChannel
                0x0000000000000000       0xb8 Src/ADC_program.o
 .text.MADC_voidRead
                0x0000000000000000       0x30 Src/ADC_program.o
 .debug_info    0x0000000000000000      0x2d4 Src/ADC_program.o
 .debug_abbrev  0x0000000000000000      0x104 Src/ADC_program.o
 .debug_aranges
                0x0000000000000000       0x30 Src/ADC_program.o
 .debug_ranges  0x0000000000000000       0x20 Src/ADC_program.o
 .debug_macro   0x0000000000000000       0x52 Src/ADC_program.o
 .debug_macro   0x0000000000000000      0xa60 Src/ADC_program.o
 .debug_macro   0x0000000000000000       0x16 Src/ADC_program.o
 .debug_macro   0x0000000000000000       0x22 Src/ADC_program.o
 .debug_macro   0x0000000000000000       0x40 Src/ADC_program.o
 .debug_macro   0x0000000000000000       0x10 Src/ADC_program.o
 .debug_macro   0x0000000000000000       0xfa Src/ADC_program.o
 .debug_line    0x0000000000000000      0x11b Src/ADC_program.o
 .debug_str     0x0000000000000000     0x33b4 Src/ADC_program.o
 .comment       0x0000000000000000       0x7c Src/ADC_program.o
 .debug_frame   0x0000000000000000       0x84 Src/ADC_program.o
 .ARM.attributes
                0x0000000000000000       0x33 Src/ADC_program.o
 .group         0x0000000000000000        0xc Src/DMA_program.o
 .group         0x0000000000000000        0xc Src/DMA_program.o
 .group         0x0000000000000000        0xc Src/DMA_program.o
 .group         0x0000000000000000        0xc Src/DMA_program.o
 .text          0x0000000000000000        0x0 Src/DMA_program.o
 .data          0x0000000000000000        0x0 Src/DMA_program.o
 .bss           0x0000000000000000        0x0 Src/DMA_program.o
 .text.DMA1_voidChannelInit
                0x0000000000000000       0x18 Src/DMA_program.o
 .text.DMA1_voidChannelStart
                0x0000000000000000       0x48 Src/DMA_program.o
 .debug_info    0x0000000000000000      0x173 Src/DMA_program.o
 .debug_abbrev  0x0000000000000000       0xca Src/DMA_program.o
 .debug_aranges
                0x0000000000000000       0x28 Src/DMA_program.o
 .debug_ranges  0x0000000000000000       0x18 Src/DMA_program.o
 .debug_macro   0x0000000000000000       0x40 Src/DMA_program.o
 .debug_macro   0x0000000000000000      0xa60 Src/DMA_program.o
 .debug_macro   0x0000000000000000       0x16 Src/DMA_program.o
 .debug_macro   0x0000000000000000       0x22 Src/DMA_program.o
 .debug_macro   0x0000000000000000       0x10 Src/DMA_program.o
 .debug_line    0x0000000000000000       0xb5 Src/DMA_program.o
 .debug_str     0x0000000000000000     0x2f30 Src/DMA_program.o
 .comment       0x0000000000000000       0x7c Src/DMA_program.o
 .debug_frame   0x0000000000000000       0x58 Src/DMA_program.o
 .ARM.attributes
                0x0000000000000000       0x33 Src/DMA_program.o
 .group         0x0000000000000000        0xc Src/EXTI_program.o
 .group         0x0000000000000000        0xc Src/EXTI_program.o
 .group         0x0000000000000000        0xc Src/EXTI_program.o
 .group         0x0000000000000000        0xc Src/EXTI_program.o
 .group         0x0000000000000000        0xc Src/EXTI_program.o
 .text          0x0000000000000000        0x0 Src/EXTI_program.o
 .data          0x0000000000000000        0x0 Src/EXTI_program.o
 .bss           0x0000000000000000        0x0 Src/EXTI_program.o
 .text.MEXTI_voidInit
                0x0000000000000000       0x50 Src/EXTI_program.o
 .text.MEXTI_voidEnableLine
                0x0000000000000000       0x2c Src/EXTI_program.o
 .text.MEXTI_voidSetSignalLatch
                0x0000000000000000       0xb8 Src/EXTI_program.o
 .text.MEXTI_voidDisableLine
                0x0000000000000000       0x30 Src/EXTI_program.o
 .text.MEXTI_voidSetSoftwareTrigger
                0x0000000000000000       0x2c Src/EXTI_program.o
 .text.MEXTI0_voidSetCallBack
                0x0000000000000000       0x24 Src/EXTI_program.o
 .text.MEXTI1_voidSetCallBack
                0x0000000000000000       0x24 Src/EXTI_program.o
 .text.MEXTI2_voidSetCallBack
                0x0000000000000000       0x24 Src/EXTI_program.o
 .text.MEXTI3_voidSetCallBack
                0x0000000000000000       0x24 Src/EXTI_program.o
 .debug_macro   0x0000000000000000      0xa60 Src/EXTI_program.o
 .debug_macro   0x0000000000000000       0x16 Src/EXTI_program.o
 .debug_macro   0x0000000000000000       0x22 Src/EXTI_program.o
 .group         0x0000000000000000        0xc Src/GPIO_program.o
 .group         0x0000000000000000        0xc Src/GPIO_program.o
 .group         0x0000000000000000        0xc Src/GPIO_program.o
 .group         0x0000000000000000        0xc Src/GPIO_program.o
 .text          0x0000000000000000        0x0 Src/GPIO_program.o
 .data          0x0000000000000000        0x0 Src/GPIO_program.o
 .bss           0x0000000000000000        0x0 Src/GPIO_program.o
 .text.MGPIO_voidTogglePin
                0x0000000000000000       0x78 Src/GPIO_program.o
 .text.MGPIO_voidGetPortValue
                0x0000000000000000       0x4c Src/GPIO_program.o
 .debug_macro   0x0000000000000000      0xa60 Src/GPIO_program.o
 .debug_macro   0x0000000000000000       0x16 Src/GPIO_program.o
 .debug_macro   0x0000000000000000       0x22 Src/GPIO_program.o
 .group         0x0000000000000000        0xc Src/KEYPAD_program.o
 .group         0x0000000000000000        0xc Src/KEYPAD_program.o
 .group         0x0000000000000000        0xc Src/KEYPAD_program.o
 .group         0x0000000000000000        0xc Src/KEYPAD_program.o
 .text          0x0000000000000000        0x0 Src/KEYPAD_program.o
 .data          0x0000000000000000        0x0 Src/KEYPAD_program.o
 .bss           0x0000000000000000        0x0 Src/KEYPAD_program.o
 .rodata.Keys   0x0000000000000000       0x10 Src/KEYPAD_program.o
 .rodata.HexKeys
                0x0000000000000000       0x10 Src/KEYPAD_program.o
 .text.HKeyPad_u8GetKey
                0x0000000000000000       0xc0 Src/KEYPAD_program.o
 .debug_info    0x0000000000000000      0x19d Src/KEYPAD_program.o
 .debug_abbrev  0x0000000000000000       0x94 Src/KEYPAD_program.o
 .debug_aranges
                0x0000000000000000       0x20 Src/KEYPAD_program.o
 .debug_ranges  0x0000000000000000       0x10 Src/KEYPAD_program.o
 .debug_macro   0x0000000000000000       0x54 Src/KEYPAD_program.o
 .debug_macro   0x0000000000000000      0xa60 Src/KEYPAD_program.o
 .debug_macro   0x0000000000000000       0x16 Src/KEYPAD_program.o
 .debug_macro   0x0000000000000000       0x22 Src/KEYPAD_program.o
 .debug_macro   0x0000000000000000       0x1c Src/KEYPAD_program.o
 .debug_line    0x0000000000000000       0xf3 Src/KEYPAD_program.o
 .debug_str     0x0000000000000000     0x2f85 Src/KEYPAD_program.o
 .comment       0x0000000000000000       0x7c Src/KEYPAD_program.o
 .debug_frame   0x0000000000000000       0x34 Src/KEYPAD_program.o
 .ARM.attributes
                0x0000000000000000       0x33 Src/KEYPAD_program.o
 .group         0x0000000000000000        0xc Src/NVIC_program.o
 .group         0x0000000000000000        0xc Src/NVIC_program.o
 .group         0x0000000000000000        0xc Src/NVIC_program.o
 .group         0x0000000000000000        0xc Src/NVIC_program.o
 .group         0x0000000000000000        0xc Src/NVIC_program.o
 .text          0x0000000000000000        0x0 Src/NVIC_program.o
 .data          0x0000000000000000        0x0 Src/NVIC_program.o
 .bss           0x0000000000000000        0x0 Src/NVIC_program.o
 .text.MNVIC_voidInit
                0x0000000000000000       0x1c Src/NVIC_program.o
 .text.MNVIC_voidEnableInterrupt
                0x0000000000000000       0x44 Src/NVIC_program.o
 .text.MNVIC_voidDisableInterrupt
                0x0000000000000000       0x44 Src/NVIC_program.o
 .text.MNVIC_voidSetPendingFlag
                0x0000000000000000       0x44 Src/NVIC_program.o
 .text.MNVIC_voidClearPendingFlag
                0x0000000000000000       0x44 Src/NVIC_program.o
 .text.MNVIC_u8GetActiveFlag
                0x0000000000000000       0x5c Src/NVIC_program.o
 .text.MNVIC_voidSetPriority
                0x0000000000000000       0x32 Src/NVIC_program.o
 .text.MNVIC_voidSetPriorityCorePeripherals
                0x0000000000000000       0x2c Src/NVIC_program.o
 .debug_info    0x0000000000000000      0x3e9 Src/NVIC_program.o
 .debug_abbrev  0x0000000000000000       0xc2 Src/NVIC_program.o
 .debug_aranges
                0x0000000000000000       0x58 Src/NVIC_program.o
 .debug_ranges  0x0000000000000000       0x48 Src/NVIC_program.o
 .debug_macro   0x0000000000000000       0x45 Src/NVIC_program.o
 .debug_macro   0x0000000000000000      0xa60 Src/NVIC_program.o
 .debug_macro   0x0000000000000000       0x16 Src/NVIC_program.o
 .debug_macro   0x0000000000000000       0x22 Src/NVIC_program.o
 .debug_macro   0x0000000000000000       0x9a Src/NVIC_program.o
 .debug_macro   0x0000000000000000       0x10 Src/NVIC_program.o
 .debug_line    0x0000000000000000      0x149 Src/NVIC_program.o
 .debug_str     0x0000000000000000     0x3a25 Src/NVIC_program.o
 .comment       0x0000000000000000       0x7c Src/NVIC_program.o
 .debug_frame   0x0000000000000000      0x148 Src/NVIC_program.o
 .ARM.attributes
                0x0000000000000000       0x33 Src/NVIC_program.o
 .group         0x0000000000000000        0xc Src/RCC_program.o
 .group         0x0000000000000000        0xc Src/RCC_program.o
 .group         0x0000000000000000        0xc Src/RCC_program.o
 .group         0x0000000000000000        0xc Src/RCC_program.o
 .group         0x0000000000000000        0xc Src/RCC_program.o
 .group         0x0000000000000000        0xc Src/RCC_program.o
 .text          0x0000000000000000        0x0 Src/RCC_program.o
 .data          0x0000000000000000        0x0 Src/RCC_program.o
 .bss           0x0000000000000000        0x0 Src/RCC_program.o
 .text.MRCC_voidDisablePeripheralClock
                0x0000000000000000       0x84 Src/RCC_program.o
 .text.MRCC_voidSetADCScaller
                0x0000000000000000       0x20 Src/RCC_program.o
 .debug_macro   0x0000000000000000      0xa60 Src/RCC_program.o
 .debug_macro   0x0000000000000000       0x16 Src/RCC_program.o
 .debug_macro   0x0000000000000000       0x22 Src/RCC_program.o
 .debug_macro   0x0000000000000000       0xfa Src/RCC_program.o
 .group         0x0000000000000000        0xc Src/STK_program.o
 .group         0x0000000000000000        0xc Src/STK_program.o
 .group         0x0000000000000000        0xc Src/STK_program.o
 .group         0x0000000000000000        0xc Src/STK_program.o
 .group         0x0000000000000000        0xc Src/STK_program.o
 .text          0x0000000000000000        0x0 Src/STK_program.o
 .data          0x0000000000000000        0x0 Src/STK_program.o
 .bss           0x0000000000000000        0x0 Src/STK_program.o
 .text.MSTK_voidSetBusyWait
                0x0000000000000000       0x68 Src/STK_program.o
 .text.MSTK_voidSetIntervalSingle
                0x0000000000000000       0x60 Src/STK_program.o
 .text.MSTK_voidSetIntervalSingleMicro
                0x0000000000000000       0x54 Src/STK_program.o
 .text.MSTK_voidSetIntervalPeriodic
                0x0000000000000000       0x58 Src/STK_program.o
 .text.MSTK_voidStopInterval
                0x0000000000000000       0x34 Src/STK_program.o
 .text.MSTK_u32GetCounts
                0x0000000000000000       0x30 Src/STK_program.o
 .text.MSTK_u32GetRemainingTime
                0x0000000000000000       0x28 Src/STK_program.o
 .debug_macro   0x0000000000000000      0xa60 Src/STK_program.o
 .debug_macro   0x0000000000000000       0x16 Src/STK_program.o
 .debug_macro   0x0000000000000000       0x22 Src/STK_program.o
 .group         0x0000000000000000        0xc Src/Segment_program.o
 .group         0x0000000000000000        0xc Src/Segment_program.o
 .group         0x0000000000000000        0xc Src/Segment_program.o
 .group         0x0000000000000000        0xc Src/Segment_program.o
 .text          0x0000000000000000        0x0 Src/Segment_program.o
 .data          0x0000000000000000        0x0 Src/Segment_program.o
 .bss           0x0000000000000000        0x0 Src/Segment_program.o
 .data.SegmentUnit
                0x0000000000000000        0xa Src/Segment_program.o
 .data.SegmentTenth
                0x0000000000000000        0xa Src/Segment_program.o
 .text.HSegment_voidDisplayNum
                0x0000000000000000      0x3dc Src/Segment_program.o
 .debug_info    0x0000000000000000      0x197 Src/Segment_program.o
 .debug_abbrev  0x0000000000000000       0xab Src/Segment_program.o
 .debug_aranges
                0x0000000000000000       0x20 Src/Segment_program.o
 .debug_ranges  0x0000000000000000       0x10 Src/Segment_program.o
 .debug_macro   0x0000000000000000       0x4a Src/Segment_program.o
 .debug_macro   0x0000000000000000      0xa60 Src/Segment_program.o
 .debug_macro   0x0000000000000000       0x16 Src/Segment_program.o
 .debug_macro   0x0000000000000000       0x22 Src/Segment_program.o
 .debug_macro   0x0000000000000000       0x10 Src/Segment_program.o
 .debug_line    0x0000000000000000      0x132 Src/Segment_program.o
 .debug_str     0x0000000000000000     0x2f7f Src/Segment_program.o
 .comment       0x0000000000000000       0x7c Src/Segment_program.o
 .debug_frame   0x0000000000000000       0x38 Src/Segment_program.o
 .ARM.attributes
                0x0000000000000000       0x33 Src/Segment_program.o
 .group         0x0000000000000000        0xc Src/USART_program.o
 .group         0x0000000000000000        0xc Src/USART_program.o
 .group         0x0000000000000000        0xc Src/USART_program.o
 .group         0x0000000000000000        0xc Src/USART_program.o
 .text          0x0000000000000000        0x0 Src/USART_program.o
 .data          0x0000000000000000        0x0 Src/USART_program.o
 .bss           0x0000000000000000        0x0 Src/USART_program.o
 .text.MUSART1_voidInit
                0x0000000000000000       0x44 Src/USART_program.o
 .text.MUSART1_voidTransmit
                0x0000000000000000       0x48 Src/USART_program.o
 .text.MUSART1_u8Receive
                0x0000000000000000       0x24 Src/USART_program.o
 .debug_info    0x0000000000000000      0x13e Src/USART_program.o
 .debug_abbrev  0x0000000000000000       0xe1 Src/USART_program.o
 .debug_aranges
                0x0000000000000000       0x30 Src/USART_program.o
 .debug_ranges  0x0000000000000000       0x20 Src/USART_program.o
 .debug_macro   0x0000000000000000       0x40 Src/USART_program.o
 .debug_macro   0x0000000000000000      0xa60 Src/USART_program.o
 .debug_macro   0x0000000000000000       0x16 Src/USART_program.o
 .debug_macro   0x0000000000000000       0x22 Src/USART_program.o
 .debug_macro   0x0000000000000000       0x10 Src/USART_program.o
 .debug_line    0x0000000000000000       0xe2 Src/USART_program.o
 .debug_str     0x0000000000000000     0x2ed2 Src/USART_program.o
 .comment       0x0000000000000000       0x7c Src/USART_program.o
 .debug_frame   0x0000000000000000       0x78 Src/USART_program.o
 .ARM.attributes
                0x0000000000000000       0x33 Src/USART_program.o
 .group         0x0000000000000000        0xc Src/main.o
 .group         0x0000000000000000        0xc Src/main.o
 .group         0x0000000000000000        0xc Src/main.o
 .group         0x0000000000000000        0xc Src/main.o
 .group         0x0000000000000000        0xc Src/main.o
 .group         0x0000000000000000        0xc Src/main.o
 .group         0x0000000000000000        0xc Src/main.o
 .group         0x0000000000000000        0xc Src/main.o
 .group         0x0000000000000000        0xc Src/main.o
 .group         0x0000000000000000        0xc Src/main.o
 .text          0x0000000000000000        0x0 Src/main.o
 .data          0x0000000000000000        0x0 Src/main.o
 .bss           0x0000000000000000        0x0 Src/main.o
 .debug_macro   0x0000000000000000      0xa60 Src/main.o
 .debug_macro   0x0000000000000000       0x22 Src/main.o
 .debug_macro   0x0000000000000000       0x16 Src/main.o
 .debug_macro   0x0000000000000000       0xfa Src/main.o
 .group         0x0000000000000000        0xc Src/syscalls.o
 .group         0x0000000000000000        0xc Src/syscalls.o
 .group         0x0000000000000000        0xc Src/syscalls.o
 .group         0x0000000000000000        0xc Src/syscalls.o
 .group         0x0000000000000000        0xc Src/syscalls.o
 .group         0x0000000000000000        0xc Src/syscalls.o
 .group         0x0000000000000000        0xc Src/syscalls.o
 .group         0x0000000000000000        0xc Src/syscalls.o
 .group         0x0000000000000000        0xc Src/syscalls.o
 .group         0x0000000000000000        0xc Src/syscalls.o
 .group         0x0000000000000000        0xc Src/syscalls.o
 .group         0x0000000000000000        0xc Src/syscalls.o
 .group         0x0000000000000000        0xc Src/syscalls.o
 .group         0x0000000000000000        0xc Src/syscalls.o
 .group         0x0000000000000000        0xc Src/syscalls.o
 .group         0x0000000000000000        0xc Src/syscalls.o
 .group         0x0000000000000000        0xc Src/syscalls.o
 .group         0x0000000000000000        0xc Src/syscalls.o
 .group         0x0000000000000000        0xc Src/syscalls.o
 .group         0x0000000000000000        0xc Src/syscalls.o
 .group         0x0000000000000000        0xc Src/syscalls.o
 .group         0x0000000000000000        0xc Src/syscalls.o
 .group         0x0000000000000000        0xc Src/syscalls.o
 .group         0x0000000000000000        0xc Src/syscalls.o
 .group         0x0000000000000000        0xc Src/syscalls.o
 .group         0x0000000000000000        0xc Src/syscalls.o
 .group         0x0000000000000000        0xc Src/syscalls.o
 .group         0x0000000000000000        0xc Src/syscalls.o
 .group         0x0000000000000000        0xc Src/syscalls.o
 .group         0x0000000000000000        0xc Src/syscalls.o
 .group         0x0000000000000000        0xc Src/syscalls.o
 .group         0x0000000000000000        0xc Src/syscalls.o
 .group         0x0000000000000000        0xc Src/syscalls.o
 .group         0x0000000000000000        0xc Src/syscalls.o
 .group         0x0000000000000000        0xc Src/syscalls.o
 .group         0x0000000000000000        0xc Src/syscalls.o
 .group         0x0000000000000000        0xc Src/syscalls.o
 .group         0x0000000000000000        0xc Src/syscalls.o
 .group         0x0000000000000000        0xc Src/syscalls.o
 .group         0x0000000000000000        0xc Src/syscalls.o
 .group         0x0000000000000000        0xc Src/syscalls.o
 .group         0x0000000000000000        0xc Src/syscalls.o
 .group         0x0000000000000000        0xc Src/syscalls.o
 .group         0x0000000000000000        0xc Src/syscalls.o
 .text          0x0000000000000000        0x0 Src/syscalls.o
 .data          0x0000000000000000        0x0 Src/syscalls.o
 .bss           0x0000000000000000        0x0 Src/syscalls.o
 .bss.__env     0x0000000000000000        0x4 Src/syscalls.o
 .data.environ  0x0000000000000000        0x4 Src/syscalls.o
 .text.initialise_monitor_handles
                0x0000000000000000        0xc Src/syscalls.o
 .text._getpid  0x0000000000000000        0xe Src/syscalls.o
 .text._kill    0x0000000000000000       0x20 Src/syscalls.o
 .text._exit    0x0000000000000000       0x14 Src/syscalls.o
 .text._read    0x0000000000000000       0x3a Src/syscalls.o
 .text._write   0x0000000000000000       0x38 Src/syscalls.o
 .text._close   0x0000000000000000       0x16 Src/syscalls.o
 .text._fstat   0x0000000000000000       0x1e Src/syscalls.o
 .text._isatty  0x0000000000000000       0x14 Src/syscalls.o
 .text._lseek   0x0000000000000000       0x18 Src/syscalls.o
 .text._open    0x0000000000000000       0x1a Src/syscalls.o
 .text._wait    0x0000000000000000       0x1e Src/syscalls.o
 .text._unlink  0x0000000000000000       0x1e Src/syscalls.o
 .text._times   0x0000000000000000       0x16 Src/syscalls.o
 .text._stat    0x0000000000000000       0x1e Src/syscalls.o
 .text._link    0x0000000000000000       0x20 Src/syscalls.o
 .text._fork    0x0000000000000000       0x16 Src/syscalls.o
 .text._execve  0x0000000000000000       0x22 Src/syscalls.o
 .debug_info    0x0000000000000000      0xebd Src/syscalls.o
 .debug_abbrev  0x0000000000000000      0x261 Src/syscalls.o
 .debug_aranges
                0x0000000000000000       0xa8 Src/syscalls.o
 .debug_ranges  0x0000000000000000       0x98 Src/syscalls.o
 .debug_macro   0x0000000000000000      0x243 Src/syscalls.o
 .debug_macro   0x0000000000000000      0xa60 Src/syscalls.o
 .debug_macro   0x0000000000000000       0x22 Src/syscalls.o
 .debug_macro   0x0000000000000000       0x40 Src/syscalls.o
 .debug_macro   0x0000000000000000       0x18 Src/syscalls.o
 .debug_macro   0x0000000000000000       0x94 Src/syscalls.o
 .debug_macro   0x0000000000000000       0x3c Src/syscalls.o
 .debug_macro   0x0000000000000000       0x34 Src/syscalls.o
 .debug_macro   0x0000000000000000       0x57 Src/syscalls.o
 .debug_macro   0x0000000000000000      0x174 Src/syscalls.o
 .debug_macro   0x0000000000000000      0x330 Src/syscalls.o
 .debug_macro   0x0000000000000000       0x52 Src/syscalls.o
 .debug_macro   0x0000000000000000       0x1f Src/syscalls.o
 .debug_macro   0x0000000000000000       0x43 Src/syscalls.o
 .debug_macro   0x0000000000000000       0x20 Src/syscalls.o
 .debug_macro   0x0000000000000000      0x1a3 Src/syscalls.o
 .debug_macro   0x0000000000000000       0x10 Src/syscalls.o
 .debug_macro   0x0000000000000000       0x35 Src/syscalls.o
 .debug_macro   0x0000000000000000       0x10 Src/syscalls.o
 .debug_macro   0x0000000000000000       0x10 Src/syscalls.o
 .debug_macro   0x0000000000000000       0x10 Src/syscalls.o
 .debug_macro   0x0000000000000000       0x6a Src/syscalls.o
 .debug_macro   0x0000000000000000       0x1c Src/syscalls.o
 .debug_macro   0x0000000000000000       0x52 Src/syscalls.o
 .debug_macro   0x0000000000000000       0x40 Src/syscalls.o
 .debug_macro   0x0000000000000000       0x10 Src/syscalls.o
 .debug_macro   0x0000000000000000       0x40 Src/syscalls.o
 .debug_macro   0x0000000000000000       0xd7 Src/syscalls.o
 .debug_macro   0x0000000000000000       0x1c Src/syscalls.o
 .debug_macro   0x0000000000000000       0x3d Src/syscalls.o
 .debug_macro   0x0000000000000000       0x35 Src/syscalls.o
 .debug_macro   0x0000000000000000      0x122 Src/syscalls.o
 .debug_macro   0x0000000000000000       0x16 Src/syscalls.o
 .debug_macro   0x0000000000000000       0x16 Src/syscalls.o
 .debug_macro   0x0000000000000000       0x29 Src/syscalls.o
 .debug_macro   0x0000000000000000       0x10 Src/syscalls.o
 .debug_macro   0x0000000000000000      0x241 Src/syscalls.o
 .debug_macro   0x0000000000000000       0x1c Src/syscalls.o
 .debug_macro   0x0000000000000000       0x10 Src/syscalls.o
 .debug_macro   0x0000000000000000       0x10 Src/syscalls.o
 .debug_macro   0x0000000000000000       0x16 Src/syscalls.o
 .debug_macro   0x0000000000000000      0x145 Src/syscalls.o
 .debug_macro   0x0000000000000000      0x189 Src/syscalls.o
 .debug_macro   0x0000000000000000       0x16 Src/syscalls.o
 .debug_macro   0x0000000000000000       0x88 Src/syscalls.o
 .debug_line    0x0000000000000000      0x739 Src/syscalls.o
 .debug_str     0x0000000000000000     0x887b Src/syscalls.o
 .comment       0x0000000000000000       0x7c Src/syscalls.o
 .debug_frame   0x0000000000000000      0x2ac Src/syscalls.o
 .ARM.attributes
                0x0000000000000000       0x33 Src/syscalls.o
 .group         0x0000000000000000        0xc Src/sysmem.o
 .group         0x0000000000000000        0xc Src/sysmem.o
 .group         0x0000000000000000        0xc Src/sysmem.o
 .group         0x0000000000000000        0xc Src/sysmem.o
 .group         0x0000000000000000        0xc Src/sysmem.o
 .group         0x0000000000000000        0xc Src/sysmem.o
 .group         0x0000000000000000        0xc Src/sysmem.o
 .group         0x0000000000000000        0xc Src/sysmem.o
 .group         0x0000000000000000        0xc Src/sysmem.o
 .group         0x0000000000000000        0xc Src/sysmem.o
 .group         0x0000000000000000        0xc Src/sysmem.o
 .group         0x0000000000000000        0xc Src/sysmem.o
 .group         0x0000000000000000        0xc Src/sysmem.o
 .group         0x0000000000000000        0xc Src/sysmem.o
 .group         0x0000000000000000        0xc Src/sysmem.o
 .group         0x0000000000000000        0xc Src/sysmem.o
 .group         0x0000000000000000        0xc Src/sysmem.o
 .group         0x0000000000000000        0xc Src/sysmem.o
 .group         0x0000000000000000        0xc Src/sysmem.o
 .text          0x0000000000000000        0x0 Src/sysmem.o
 .data          0x0000000000000000        0x0 Src/sysmem.o
 .bss           0x0000000000000000        0x0 Src/sysmem.o
 .bss.__sbrk_heap_end
                0x0000000000000000        0x4 Src/sysmem.o
 .text._sbrk    0x0000000000000000       0x6c Src/sysmem.o
 .debug_info    0x0000000000000000      0x985 Src/sysmem.o
 .debug_abbrev  0x0000000000000000      0x19b Src/sysmem.o
 .debug_aranges
                0x0000000000000000       0x20 Src/sysmem.o
 .debug_ranges  0x0000000000000000       0x10 Src/sysmem.o
 .debug_macro   0x0000000000000000       0xee Src/sysmem.o
 .debug_macro   0x0000000000000000      0xa60 Src/sysmem.o
 .debug_macro   0x0000000000000000       0x10 Src/sysmem.o
 .debug_macro   0x0000000000000000       0x22 Src/sysmem.o
 .debug_macro   0x0000000000000000       0x40 Src/sysmem.o
 .debug_macro   0x0000000000000000       0x18 Src/sysmem.o
 .debug_macro   0x0000000000000000       0x94 Src/sysmem.o
 .debug_macro   0x0000000000000000       0x3c Src/sysmem.o
 .debug_macro   0x0000000000000000       0x34 Src/sysmem.o
 .debug_macro   0x0000000000000000      0x174 Src/sysmem.o
 .debug_macro   0x0000000000000000       0x57 Src/sysmem.o
 .debug_macro   0x0000000000000000       0x52 Src/sysmem.o
 .debug_macro   0x0000000000000000       0x1f Src/sysmem.o
 .debug_macro   0x0000000000000000       0x43 Src/sysmem.o
 .debug_macro   0x0000000000000000       0x20 Src/sysmem.o
 .debug_macro   0x0000000000000000      0x1a3 Src/sysmem.o
 .debug_macro   0x0000000000000000      0x23b Src/sysmem.o
 .debug_macro   0x0000000000000000       0xef Src/sysmem.o
 .debug_macro   0x0000000000000000       0x6a Src/sysmem.o
 .debug_macro   0x0000000000000000      0x1df Src/sysmem.o
 .debug_line    0x0000000000000000      0x4c2 Src/sysmem.o
 .debug_str     0x0000000000000000     0x5f49 Src/sysmem.o
 .comment       0x0000000000000000       0x7c Src/sysmem.o
 .debug_frame   0x0000000000000000       0x34 Src/sysmem.o
 .ARM.attributes
                0x0000000000000000       0x33 Src/sysmem.o
 .text          0x0000000000000000       0x14 Startup/startup_stm32f103c8tx.o
 .data          0x0000000000000000        0x0 Startup/startup_stm32f103c8tx.o
 .bss           0x0000000000000000        0x0 Startup/startup_stm32f103c8tx.o
 .text          0x0000000000000000        0x0 c:/st/stm32cubeide_1.5.1/stm32cubeide/plugins/com.st.stm32cube.ide.mcu.externaltools.gnu-tools-for-stm32.7-2018-q2-update.win32_1.5.0.202011040924/tools/bin/../lib/gcc/arm-none-eabi/7.3.1/../../../../arm-none-eabi/lib/thumb/v7-m\libc_nano.a(lib_a-errno.o)
 .data          0x0000000000000000        0x0 c:/st/stm32cubeide_1.5.1/stm32cubeide/plugins/com.st.stm32cube.ide.mcu.externaltools.gnu-tools-for-stm32.7-2018-q2-update.win32_1.5.0.202011040924/tools/bin/../lib/gcc/arm-none-eabi/7.3.1/../../../../arm-none-eabi/lib/thumb/v7-m\libc_nano.a(lib_a-errno.o)
 .bss           0x0000000000000000        0x0 c:/st/stm32cubeide_1.5.1/stm32cubeide/plugins/com.st.stm32cube.ide.mcu.externaltools.gnu-tools-for-stm32.7-2018-q2-update.win32_1.5.0.202011040924/tools/bin/../lib/gcc/arm-none-eabi/7.3.1/../../../../arm-none-eabi/lib/thumb/v7-m\libc_nano.a(lib_a-errno.o)
 .text.__errno  0x0000000000000000        0xc c:/st/stm32cubeide_1.5.1/stm32cubeide/plugins/com.st.stm32cube.ide.mcu.externaltools.gnu-tools-for-stm32.7-2018-q2-update.win32_1.5.0.202011040924/tools/bin/../lib/gcc/arm-none-eabi/7.3.1/../../../../arm-none-eabi/lib/thumb/v7-m\libc_nano.a(lib_a-errno.o)
 .debug_frame   0x0000000000000000       0x20 c:/st/stm32cubeide_1.5.1/stm32cubeide/plugins/com.st.stm32cube.ide.mcu.externaltools.gnu-tools-for-stm32.7-2018-q2-update.win32_1.5.0.202011040924/tools/bin/../lib/gcc/arm-none-eabi/7.3.1/../../../../arm-none-eabi/lib/thumb/v7-m\libc_nano.a(lib_a-errno.o)
 .ARM.attributes
                0x0000000000000000       0x2d c:/st/stm32cubeide_1.5.1/stm32cubeide/plugins/com.st.stm32cube.ide.mcu.externaltools.gnu-tools-for-stm32.7-2018-q2-update.win32_1.5.0.202011040924/tools/bin/../lib/gcc/arm-none-eabi/7.3.1/../../../../arm-none-eabi/lib/thumb/v7-m\libc_nano.a(lib_a-errno.o)
 .text          0x0000000000000000        0x0 c:/st/stm32cubeide_1.5.1/stm32cubeide/plugins/com.st.stm32cube.ide.mcu.externaltools.gnu-tools-for-stm32.7-2018-q2-update.win32_1.5.0.202011040924/tools/bin/../lib/gcc/arm-none-eabi/7.3.1/../../../../arm-none-eabi/lib/thumb/v7-m\libc_nano.a(lib_a-exit.o)
 .data          0x0000000000000000        0x0 c:/st/stm32cubeide_1.5.1/stm32cubeide/plugins/com.st.stm32cube.ide.mcu.externaltools.gnu-tools-for-stm32.7-2018-q2-update.win32_1.5.0.202011040924/tools/bin/../lib/gcc/arm-none-eabi/7.3.1/../../../../arm-none-eabi/lib/thumb/v7-m\libc_nano.a(lib_a-exit.o)
 .bss           0x0000000000000000        0x0 c:/st/stm32cubeide_1.5.1/stm32cubeide/plugins/com.st.stm32cube.ide.mcu.externaltools.gnu-tools-for-stm32.7-2018-q2-update.win32_1.5.0.202011040924/tools/bin/../lib/gcc/arm-none-eabi/7.3.1/../../../../arm-none-eabi/lib/thumb/v7-m\libc_nano.a(lib_a-exit.o)
 .text.exit     0x0000000000000000       0x28 c:/st/stm32cubeide_1.5.1/stm32cubeide/plugins/com.st.stm32cube.ide.mcu.externaltools.gnu-tools-for-stm32.7-2018-q2-update.win32_1.5.0.202011040924/tools/bin/../lib/gcc/arm-none-eabi/7.3.1/../../../../arm-none-eabi/lib/thumb/v7-m\libc_nano.a(lib_a-exit.o)
 .debug_frame   0x0000000000000000       0x28 c:/st/stm32cubeide_1.5.1/stm32cubeide/plugins/com.st.stm32cube.ide.mcu.externaltools.gnu-tools-for-stm32.7-2018-q2-update.win32_1.5.0.202011040924/tools/bin/../lib/gcc/arm-none-eabi/7.3.1/../../../../arm-none-eabi/lib/thumb/v7-m\libc_nano.a(lib_a-exit.o)
 .ARM.attributes
                0x0000000000000000       0x2d c:/st/stm32cubeide_1.5.1/stm32cubeide/plugins/com.st.stm32cube.ide.mcu.externaltools.gnu-tools-for-stm32.7-2018-q2-update.win32_1.5.0.202011040924/tools/bin/../lib/gcc/arm-none-eabi/7.3.1/../../../../arm-none-eabi/lib/thumb/v7-m\libc_nano.a(lib_a-exit.o)
 .text          0x0000000000000000        0x0 c:/st/stm32cubeide_1.5.1/stm32cubeide/plugins/com.st.stm32cube.ide.mcu.externaltools.gnu-tools-for-stm32.7-2018-q2-update.win32_1.5.0.202011040924/tools/bin/../lib/gcc/arm-none-eabi/7.3.1/../../../../arm-none-eabi/lib/thumb/v7-m\libc_nano.a(lib_a-impure.o)
 .data          0x0000000000000000        0x0 c:/st/stm32cubeide_1.5.1/stm32cubeide/plugins/com.st.stm32cube.ide.mcu.externaltools.gnu-tools-for-stm32.7-2018-q2-update.win32_1.5.0.202011040924/tools/bin/../lib/gcc/arm-none-eabi/7.3.1/../../../../arm-none-eabi/lib/thumb/v7-m\libc_nano.a(lib_a-impure.o)
 .bss           0x0000000000000000        0x0 c:/st/stm32cubeide_1.5.1/stm32cubeide/plugins/com.st.stm32cube.ide.mcu.externaltools.gnu-tools-for-stm32.7-2018-q2-update.win32_1.5.0.202011040924/tools/bin/../lib/gcc/arm-none-eabi/7.3.1/../../../../arm-none-eabi/lib/thumb/v7-m\libc_nano.a(lib_a-impure.o)
 .data._impure_ptr
                0x0000000000000000        0x4 c:/st/stm32cubeide_1.5.1/stm32cubeide/plugins/com.st.stm32cube.ide.mcu.externaltools.gnu-tools-for-stm32.7-2018-q2-update.win32_1.5.0.202011040924/tools/bin/../lib/gcc/arm-none-eabi/7.3.1/../../../../arm-none-eabi/lib/thumb/v7-m\libc_nano.a(lib_a-impure.o)
 .data.impure_data
                0x0000000000000000       0x60 c:/st/stm32cubeide_1.5.1/stm32cubeide/plugins/com.st.stm32cube.ide.mcu.externaltools.gnu-tools-for-stm32.7-2018-q2-update.win32_1.5.0.202011040924/tools/bin/../lib/gcc/arm-none-eabi/7.3.1/../../../../arm-none-eabi/lib/thumb/v7-m\libc_nano.a(lib_a-impure.o)
 .rodata._global_impure_ptr
                0x0000000000000000        0x4 c:/st/stm32cubeide_1.5.1/stm32cubeide/plugins/com.st.stm32cube.ide.mcu.externaltools.gnu-tools-for-stm32.7-2018-q2-update.win32_1.5.0.202011040924/tools/bin/../lib/gcc/arm-none-eabi/7.3.1/../../../../arm-none-eabi/lib/thumb/v7-m\libc_nano.a(lib_a-impure.o)
 .ARM.attributes
                0x0000000000000000       0x2d c:/st/stm32cubeide_1.5.1/stm32cubeide/plugins/com.st.stm32cube.ide.mcu.externaltools.gnu-tools-for-stm32.7-2018-q2-update.win32_1.5.0.202011040924/tools/bin/../lib/gcc/arm-none-eabi/7.3.1/../../../../arm-none-eabi/lib/thumb/v7-m\libc_nano.a(lib_a-impure.o)
 .text          0x0000000000000000        0x0 c:/st/stm32cubeide_1.5.1/stm32cubeide/plugins/com.st.stm32cube.ide.mcu.externaltools.gnu-tools-for-stm32.7-2018-q2-update.win32_1.5.0.202011040924/tools/bin/../lib/gcc/arm-none-eabi/7.3.1/../../../../arm-none-eabi/lib/thumb/v7-m\libc_nano.a(lib_a-init.o)
 .data          0x0000000000000000        0x0 c:/st/stm32cubeide_1.5.1/stm32cubeide/plugins/com.st.stm32cube.ide.mcu.externaltools.gnu-tools-for-stm32.7-2018-q2-update.win32_1.5.0.202011040924/tools/bin/../lib/gcc/arm-none-eabi/7.3.1/../../../../arm-none-eabi/lib/thumb/v7-m\libc_nano.a(lib_a-init.o)
 .bss           0x0000000000000000        0x0 c:/st/stm32cubeide_1.5.1/stm32cubeide/plugins/com.st.stm32cube.ide.mcu.externaltools.gnu-tools-for-stm32.7-2018-q2-update.win32_1.5.0.202011040924/tools/bin/../lib/gcc/arm-none-eabi/7.3.1/../../../../arm-none-eabi/lib/thumb/v7-m\libc_nano.a(lib_a-init.o)
 .text          0x0000000000000000        0x0 c:/st/stm32cubeide_1.5.1/stm32cubeide/plugins/com.st.stm32cube.ide.mcu.externaltools.gnu-tools-for-stm32.7-2018-q2-update.win32_1.5.0.202011040924/tools/bin/../lib/gcc/arm-none-eabi/7.3.1/../../../../arm-none-eabi/lib/thumb/v7-m\libc_nano.a(lib_a-memset.o)
 .data          0x0000000000000000        0x0 c:/st/stm32cubeide_1.5.1/stm32cubeide/plugins/com.st.stm32cube.ide.mcu.externaltools.gnu-tools-for-stm32.7-2018-q2-update.win32_1.5.0.202011040924/tools/bin/../lib/gcc/arm-none-eabi/7.3.1/../../../../arm-none-eabi/lib/thumb/v7-m\libc_nano.a(lib_a-memset.o)
 .bss           0x0000000000000000        0x0 c:/st/stm32cubeide_1.5.1/stm32cubeide/plugins/com.st.stm32cube.ide.mcu.externaltools.gnu-tools-for-stm32.7-2018-q2-update.win32_1.5.0.202011040924/tools/bin/../lib/gcc/arm-none-eabi/7.3.1/../../../../arm-none-eabi/lib/thumb/v7-m\libc_nano.a(lib_a-memset.o)
 .text.memset   0x0000000000000000       0x10 c:/st/stm32cubeide_1.5.1/stm32cubeide/plugins/com.st.stm32cube.ide.mcu.externaltools.gnu-tools-for-stm32.7-2018-q2-update.win32_1.5.0.202011040924/tools/bin/../lib/gcc/arm-none-eabi/7.3.1/../../../../arm-none-eabi/lib/thumb/v7-m\libc_nano.a(lib_a-memset.o)
 .debug_frame   0x0000000000000000       0x20 c:/st/stm32cubeide_1.5.1/stm32cubeide/plugins/com.st.stm32cube.ide.mcu.externaltools.gnu-tools-for-stm32.7-2018-q2-update.win32_1.5.0.202011040924/tools/bin/../lib/gcc/arm-none-eabi/7.3.1/../../../../arm-none-eabi/lib/thumb/v7-m\libc_nano.a(lib_a-memset.o)
 .ARM.attributes
                0x0000000000000000       0x2d c:/st/stm32cubeide_1.5.1/stm32cubeide/plugins/com.st.stm32cube.ide.mcu.externaltools.gnu-tools-for-stm32.7-2018-q2-update.win32_1.5.0.202011040924/tools/bin/../lib/gcc/arm-none-eabi/7.3.1/../../../../arm-none-eabi/lib/thumb/v7-m\libc_nano.a(lib_a-memset.o)
 .text          0x0000000000000000        0x0 c:/st/stm32cubeide_1.5.1/stm32cubeide/plugins/com.st.stm32cube.ide.mcu.externaltools.gnu-tools-for-stm32.7-2018-q2-update.win32_1.5.0.202011040924/tools/bin/../lib/gcc/arm-none-eabi/7.3.1/thumb/v7-m/crtend.o
 .data          0x0000000000000000        0x0 c:/st/stm32cubeide_1.5.1/stm32cubeide/plugins/com.st.stm32cube.ide.mcu.externaltools.gnu-tools-for-stm32.7-2018-q2-update.win32_1.5.0.202011040924/tools/bin/../lib/gcc/arm-none-eabi/7.3.1/thumb/v7-m/crtend.o
 .bss           0x0000000000000000        0x0 c:/st/stm32cubeide_1.5.1/stm32cubeide/plugins/com.st.stm32cube.ide.mcu.externaltools.gnu-tools-for-stm32.7-2018-q2-update.win32_1.5.0.202011040924/tools/bin/../lib/gcc/arm-none-eabi/7.3.1/thumb/v7-m/crtend.o
 .eh_frame      0x0000000000000000        0x4 c:/st/stm32cubeide_1.5.1/stm32cubeide/plugins/com.st.stm32cube.ide.mcu.externaltools.gnu-tools-for-stm32.7-2018-q2-update.win32_1.5.0.202011040924/tools/bin/../lib/gcc/arm-none-eabi/7.3.1/thumb/v7-m/crtend.o
 .ARM.attributes
                0x0000000000000000       0x2d c:/st/stm32cubeide_1.5.1/stm32cubeide/plugins/com.st.stm32cube.ide.mcu.externaltools.gnu-tools-for-stm32.7-2018-q2-update.win32_1.5.0.202011040924/tools/bin/../lib/gcc/arm-none-eabi/7.3.1/thumb/v7-m/crtend.o
 .text          0x0000000000000000        0x0 c:/st/stm32cubeide_1.5.1/stm32cubeide/plugins/com.st.stm32cube.ide.mcu.externaltools.gnu-tools-for-stm32.7-2018-q2-update.win32_1.5.0.202011040924/tools/bin/../lib/gcc/arm-none-eabi/7.3.1/thumb/v7-m/crtn.o
 .data          0x0000000000000000        0x0 c:/st/stm32cubeide_1.5.1/stm32cubeide/plugins/com.st.stm32cube.ide.mcu.externaltools.gnu-tools-for-stm32.7-2018-q2-update.win32_1.5.0.202011040924/tools/bin/../lib/gcc/arm-none-eabi/7.3.1/thumb/v7-m/crtn.o
 .bss           0x0000000000000000        0x0 c:/st/stm32cubeide_1.5.1/stm32cubeide/plugins/com.st.stm32cube.ide.mcu.externaltools.gnu-tools-for-stm32.7-2018-q2-update.win32_1.5.0.202011040924/tools/bin/../lib/gcc/arm-none-eabi/7.3.1/thumb/v7-m/crtn.o

Memory Configuration

Name             Origin             Length             Attributes
RAM              0x0000000020000000 0x0000000000005000 xrw
FLASH            0x0000000008000000 0x0000000000010000 xr
*default*        0x0000000000000000 0xffffffffffffffff

Linker script and memory map

LOAD c:/st/stm32cubeide_1.5.1/stm32cubeide/plugins/com.st.stm32cube.ide.mcu.externaltools.gnu-tools-for-stm32.7-2018-q2-update.win32_1.5.0.202011040924/tools/bin/../lib/gcc/arm-none-eabi/7.3.1/thumb/v7-m/crti.o
LOAD c:/st/stm32cubeide_1.5.1/stm32cubeide/plugins/com.st.stm32cube.ide.mcu.externaltools.gnu-tools-for-stm32.7-2018-q2-update.win32_1.5.0.202011040924/tools/bin/../lib/gcc/arm-none-eabi/7.3.1/thumb/v7-m/crtbegin.o
LOAD c:/st/stm32cubeide_1.5.1/stm32cubeide/plugins/com.st.stm32cube.ide.mcu.externaltools.gnu-tools-for-stm32.7-2018-q2-update.win32_1.5.0.202011040924/tools/bin/../lib/gcc/arm-none-eabi/7.3.1/../../../../arm-none-eabi/lib/thumb/v7-m/crt0.o
LOAD Src/ADC_program.o
LOAD Src/DMA_program.o
LOAD Src/EXTI_program.o
LOAD Src/GPIO_program.o
LOAD Src/KEYPAD_program.o
LOAD Src/NVIC_program.o
LOAD Src/RCC_program.o
LOAD Src/STK_program.o
LOAD Src/Segment_program.o
LOAD Src/USART_program.o
LOAD Src/main.o
LOAD Src/syscalls.o
LOAD Src/sysmem.o
LOAD Startup/startup_stm32f103c8tx.o
START GROUP
LOAD c:/st/stm32cubeide_1.5.1/stm32cubeide/plugins/com.st.stm32cube.ide.mcu.externaltools.gnu-tools-for-stm32.7-2018-q2-update.win32_1.5.0.202011040924/tools/bin/../lib/gcc/arm-none-eabi/7.3.1/../../../../arm-none-eabi/lib/thumb/v7-m\libc_nano.a
LOAD c:/st/stm32cubeide_1.5.1/stm32cubeide/plugins/com.st.stm32cube.ide.mcu.externaltools.gnu-tools-for-stm32.7-2018-q2-update.win32_1.5.0.202011040924/tools/bin/../lib/gcc/arm-none-eabi/7.3.1/../../../../arm-none-eabi/lib/thumb/v7-m\libm.a
END GROUP
START GROUP
LOAD c:/st/stm32cubeide_1.5.1/stm32cubeide/plugins/com.st.stm32cube.ide.mcu.externaltools.gnu-tools-for-stm32.7-2018-q2-update.win32_1.5.0.202011040924/tools/bin/../lib/gcc/arm-none-eabi/7.3.1/thumb/v7-m\libgcc.a
LOAD c:/st/stm32cubeide_1.5.1/stm32cubeide/plugins/com.st.stm32cube.ide.mcu.externaltools.gnu-tools-for-stm32.7-2018-q2-update.win32_1.5.0.202011040924/tools/bin/../lib/gcc/arm-none-eabi/7.3.1/../../../../arm-none-eabi/lib/thumb/v7-m\libc_nano.a
END GROUP
START GROUP
LOAD c:/st/stm32cubeide_1.5.1/stm32cubeide/plugins/com.st.stm32cube.ide.mcu.externaltools.gnu-tools-for-stm32.7-2018-q2-update.win32_1.5.0.202011040924/tools/bin/../lib/gcc/arm-none-eabi/7.3.1/thumb/v7-m\libgcc.a
LOAD c:/st/stm32cubeide_1.5.1/stm32cubeide/plugins/com.st.stm32cube.ide.mcu.externaltools.gnu-tools-for-stm32.7-2018-q2-update.win32_1.5.0.202011040924/tools/bin/../lib/gcc/arm-none-eabi/7.3.1/../../../../arm-none-eabi/lib/thumb/v7-m\libc_nano.a
LOAD c:/st/stm32cubeide_1.5.1/stm32cubeide/plugins/com.st.stm32cube.ide.mcu.externaltools.gnu-tools-for-stm32.7-2018-q2-update.win32_1.5.0.202011040924/tools/bin/../lib/gcc/arm-none-eabi/7.3.1/../../../../arm-none-eabi/lib/thumb/v7-m\libnosys.a
END GROUP
START GROUP
LOAD c:/st/stm32cubeide_1.5.1/stm32cubeide/plugins/com.st.stm32cube.ide.mcu.externaltools.gnu-tools-for-stm32.7-2018-q2-update.win32_1.5.0.202011040924/tools/bin/../lib/gcc/arm-none-eabi/7.3.1/thumb/v7-m\libgcc.a
LOAD c:/st/stm32cubeide_1.5.1/stm32cubeide/plugins/com.st.stm32cube.ide.mcu.externaltools.gnu-tools-for-stm32.7-2018-q2-update.win32_1.5.0.202011040924/tools/bin/../lib/gcc/arm-none-eabi/7.3.1/../../../../arm-none-eabi/lib/thumb/v7-m\libc_nano.a
LOAD c:/st/stm32cubeide_1.5.1/stm32cubeide/plugins/com.st.stm32cube.ide.mcu.externaltools.gnu-tools-for-stm32.7-2018-q2-update.win32_1.5.0.202011040924/tools/bin/../lib/gcc/arm-none-eabi/7.3.1/../../../../arm-none-eabi/lib/thumb/v7-m\libnosys.a
END GROUP
LOAD c:/st/stm32cubeide_1.5.1/stm32cubeide/plugins/com.st.stm32cube.ide.mcu.externaltools.gnu-tools-for-stm32.7-2018-q2-update.win32_1.5.0.202011040924/tools/bin/../lib/gcc/arm-none-eabi/7.3.1/thumb/v7-m/crtend.o
LOAD c:/st/stm32cubeide_1.5.1/stm32cubeide/plugins/com.st.stm32cube.ide.mcu.externaltools.gnu-tools-for-stm32.7-2018-q2-update.win32_1.5.0.202011040924/tools/bin/../lib/gcc/arm-none-eabi/7.3.1/thumb/v7-m/crtn.o
                0x0000000020005000                _estack = (ORIGIN (RAM) + LENGTH (RAM))
                0x0000000000000200                _Min_Heap_Size = 0x200
                0x0000000000000400                _Min_Stack_Size = 0x400

.isr_vector     0x0000000008000000      0x130
                0x0000000008000000                . = ALIGN (0x4)
 *(.isr_vector)
 .isr_vector    0x0000000008000000      0x130 Startup/startup_stm32f103c8tx.o
                0x0000000008000000                g_pfnVectors
                0x0000000008000130                . = ALIGN (0x4)

.text           0x0000000008000130      0x8d8
                0x0000000008000130                . = ALIGN (0x4)
 *(.text)
 .text          0x0000000008000130       0x40 c:/st/stm32cubeide_1.5.1/stm32cubeide/plugins/com.st.stm32cube.ide.mcu.externaltools.gnu-tools-for-stm32.7-2018-q2-update.win32_1.5.0.202011040924/tools/bin/../lib/gcc/arm-none-eabi/7.3.1/thumb/v7-m/crtbegin.o
 *(.text*)
 .text.EXTI0_IRQHandler
                0x0000000008000170       0x24 Src/EXTI_program.o
                0x0000000008000170                EXTI0_IRQHandler
 .text.EXTI1_IRQHandler
                0x0000000008000194       0x24 Src/EXTI_program.o
                0x0000000008000194                EXTI1_IRQHandler
 .text.EXTI2_IRQHandler
                0x00000000080001b8       0x24 Src/EXTI_program.o
                0x00000000080001b8                EXTI2_IRQHandler
 .text.EXTI3_IRQHandler
                0x00000000080001dc       0x24 Src/EXTI_program.o
                0x00000000080001dc                EXTI3_IRQHandler
 .text.EXTI9_5_IRQHandler
                0x0000000008000200       0x44 Src/EXTI_program.o
                0x0000000008000200                EXTI9_5_IRQHandler
 .text.MGPIO_voidSetPinDirection
                0x0000000008000244      0x1b8 Src/GPIO_program.o
                0x0000000008000244                MGPIO_voidSetPinDirection
 .text.MGPIO_voidSetPinValue
                0x00000000080003fc       0xf8 Src/GPIO_program.o
                0x00000000080003fc                MGPIO_voidSetPinValue
 .text.MGPIO_u8GetPinValue
                0x00000000080004f4       0x84 Src/GPIO_program.o
                0x00000000080004f4                MGPIO_u8GetPinValue
 .text.MGPIO_voidSetPortDirection
                0x0000000008000578       0x68 Src/GPIO_program.o
                0x0000000008000578                MGPIO_voidSetPortDirection
 .text.MGPIO_voidSetPortValue
                0x00000000080005e0       0x4c Src/GPIO_program.o
                0x00000000080005e0                MGPIO_voidSetPortValue
 .text.MRCC_voidInit
                0x000000000800062c       0x9c Src/RCC_program.o
                0x000000000800062c                MRCC_voidInit
 .text.MRCC_voidEnablePeripheralClock
                0x00000000080006c8       0x80 Src/RCC_program.o
                0x00000000080006c8                MRCC_voidEnablePeripheralClock
 .text.MSTK_voidInit
                0x0000000008000748       0x18 Src/STK_program.o
                0x0000000008000748                MSTK_voidInit
 .text.MSTK_voidSetIntervalPeriodicMicro
                0x0000000008000760       0x4c Src/STK_program.o
                0x0000000008000760                MSTK_voidSetIntervalPeriodicMicro
 .text.SysTick_Handler
                0x00000000080007ac       0x5c Src/STK_program.o
                0x00000000080007ac                SysTick_Handler
 .text.DAC_voidSong
                0x0000000008000808       0xdc Src/main.o
                0x0000000008000808                DAC_voidSong
 .text.main     0x00000000080008e4       0x70 Src/main.o
                0x00000000080008e4                main
 .text.Reset_Handler
                0x0000000008000954       0x50 Startup/startup_stm32f103c8tx.o
                0x0000000008000954                Reset_Handler
 .text.Default_Handler
                0x00000000080009a4        0x2 Startup/startup_stm32f103c8tx.o
                0x00000000080009a4                TIM8_TRG_COM_IRQHandler
                0x00000000080009a4                TIM8_CC_IRQHandler
                0x00000000080009a4                DebugMon_Handler
                0x00000000080009a4                TIM1_CC_IRQHandler
                0x00000000080009a4                HardFault_Handler
                0x00000000080009a4                TIM6_IRQHandler
                0x00000000080009a4                PVD_IRQHandler
                0x00000000080009a4                SDIO_IRQHandler
                0x00000000080009a4                PendSV_Handler
                0x00000000080009a4                NMI_Handler
                0x00000000080009a4                USB_HP_CAN_TX_IRQHandler
                0x00000000080009a4                I2C2_EV_IRQHandler
                0x00000000080009a4                UsageFault_Handler
                0x00000000080009a4                ADC1_2_IRQHandler
                0x00000000080009a4                SPI1_IRQHandler
                0x00000000080009a4                CAN_SCE_IRQHandler
                0x00000000080009a4                TAMPER_IRQHandler
                0x00000000080009a4                TIM8_UP_IRQHandler
                0x00000000080009a4                DMA2_Channel2_IRQHandler
                0x00000000080009a4                DMA1_Channel4_IRQHandler
                0x00000000080009a4                USART3_IRQHandler
                0x00000000080009a4                RTC_IRQHandler
                0x00000000080009a4                DMA1_Channel7_IRQHandler
                0x00000000080009a4                UART5_IRQHandler
                0x00000000080009a4                ADC3_IRQHandler
                0x00000000080009a4                TIM4_IRQHandler
                0x00000000080009a4                CAN_RX1_IRQHandler
                0x00000000080009a4                DMA2_Channel1_IRQHandler
                0x00000000080009a4                I2C1_EV_IRQHandler
                0x00000000080009a4                DMA1_Channel6_IRQHandler
                0x00000000080009a4                UART4_IRQHandler
                0x00000000080009a4                TIM3_IRQHandler
                0x00000000080009a4                RCC_IRQHandler
                0x00000000080009a4                TIM1_TRG_COM_IRQHandler
                0x00000000080009a4                DMA1_Channel1_IRQHandler
                0x00000000080009a4                Default_Handler
                0x00000000080009a4                EXTI15_10_IRQHandler
                0x00000000080009a4                TIM7_IRQHandler
                0x00000000080009a4                TIM5_IRQHandler
                0x00000000080009a4                SPI2_IRQHandler
                0x00000000080009a4                USB_LP_CAN_RX0_IRQHandler
                0x00000000080009a4                MemManage_Handler
                0x00000000080009a4                SVC_Handler
                0x00000000080009a4                DMA1_Channel5_IRQHandler
                0x00000000080009a4                EXTI4_IRQHandler
                0x00000000080009a4                DMA1_Channel3_IRQHandler
                0x00000000080009a4                FSMC_IRQHandler
                0x00000000080009a4                TIM1_UP_IRQHandler
                0x00000000080009a4                WWDG_IRQHandler
                0x00000000080009a4                TIM2_IRQHandler
                0x00000000080009a4                TIM1_BRK_IRQHandler
                0x00000000080009a4                RTCAlarm_IRQHandler
                0x00000000080009a4                DMA2_Channel4_5_IRQHandler
                0x00000000080009a4                USART2_IRQHandler
                0x00000000080009a4                I2C2_ER_IRQHandler
                0x00000000080009a4                DMA1_Channel2_IRQHandler
                0x00000000080009a4                TIM8_BRK_IRQHandler
                0x00000000080009a4                FLASH_IRQHandler
                0x00000000080009a4                BusFault_Handler
                0x00000000080009a4                USART1_IRQHandler
                0x00000000080009a4                SPI3_IRQHandler
                0x00000000080009a4                I2C1_ER_IRQHandler
                0x00000000080009a4                DMA2_Channel3_IRQHandler
 *fill*         0x00000000080009a6        0x2 
 .text.__libc_init_array
                0x00000000080009a8       0x48 c:/st/stm32cubeide_1.5.1/stm32cubeide/plugins/com.st.stm32cube.ide.mcu.externaltools.gnu-tools-for-stm32.7-2018-q2-update.win32_1.5.0.202011040924/tools/bin/../lib/gcc/arm-none-eabi/7.3.1/../../../../arm-none-eabi/lib/thumb/v7-m\libc_nano.a(lib_a-init.o)
                0x00000000080009a8                __libc_init_array
 *(.glue_7)
 .glue_7        0x00000000080009f0        0x0 linker stubs
 *(.glue_7t)
 .glue_7t       0x00000000080009f0        0x0 linker stubs
 *(.eh_frame)
 .eh_frame      0x00000000080009f0        0x0 c:/st/stm32cubeide_1.5.1/stm32cubeide/plugins/com.st.stm32cube.ide.mcu.externaltools.gnu-tools-for-stm32.7-2018-q2-update.win32_1.5.0.202011040924/tools/bin/../lib/gcc/arm-none-eabi/7.3.1/thumb/v7-m/crtbegin.o
 *(.init)
 .init          0x00000000080009f0        0x4 c:/st/stm32cubeide_1.5.1/stm32cubeide/plugins/com.st.stm32cube.ide.mcu.externaltools.gnu-tools-for-stm32.7-2018-q2-update.win32_1.5.0.202011040924/tools/bin/../lib/gcc/arm-none-eabi/7.3.1/thumb/v7-m/crti.o
                0x00000000080009f0                _init
 .init          0x00000000080009f4        0x8 c:/st/stm32cubeide_1.5.1/stm32cubeide/plugins/com.st.stm32cube.ide.mcu.externaltools.gnu-tools-for-stm32.7-2018-q2-update.win32_1.5.0.202011040924/tools/bin/../lib/gcc/arm-none-eabi/7.3.1/thumb/v7-m/crtn.o
 *(.fini)
 .fini          0x00000000080009fc        0x4 c:/st/stm32cubeide_1.5.1/stm32cubeide/plugins/com.st.stm32cube.ide.mcu.externaltools.gnu-tools-for-stm32.7-2018-q2-update.win32_1.5.0.202011040924/tools/bin/../lib/gcc/arm-none-eabi/7.3.1/thumb/v7-m/crti.o
                0x00000000080009fc                _fini
 .fini          0x0000000008000a00        0x8 c:/st/stm32cubeide_1.5.1/stm32cubeide/plugins/com.st.stm32cube.ide.mcu.externaltools.gnu-tools-for-stm32.7-2018-q2-update.win32_1.5.0.202011040924/tools/bin/../lib/gcc/arm-none-eabi/7.3.1/thumb/v7-m/crtn.o
                0x0000000008000a08                . = ALIGN (0x4)
                0x0000000008000a08                _etext = .

.vfp11_veneer   0x0000000008000a08        0x0
 .vfp11_veneer  0x0000000008000a08        0x0 linker stubs

.v4_bx          0x0000000008000a08        0x0
 .v4_bx         0x0000000008000a08        0x0 linker stubs

.iplt           0x0000000008000a08        0x0
 .iplt          0x0000000008000a08        0x0 c:/st/stm32cubeide_1.5.1/stm32cubeide/plugins/com.st.stm32cube.ide.mcu.externaltools.gnu-tools-for-stm32.7-2018-q2-update.win32_1.5.0.202011040924/tools/bin/../lib/gcc/arm-none-eabi/7.3.1/thumb/v7-m/crtbegin.o

.rodata         0x0000000008000a08     0x8f50
                0x0000000008000a08                . = ALIGN (0x4)
 *(.rodata)
 *(.rodata*)
 .rodata.adene2lbak_raw
                0x0000000008000a08     0x8f50 Src/main.o
                0x0000000008000a08                adene2lbak_raw
                0x0000000008009958                . = ALIGN (0x4)

.rel.dyn        0x0000000008009958        0x0
 .rel.iplt      0x0000000008009958        0x0 c:/st/stm32cubeide_1.5.1/stm32cubeide/plugins/com.st.stm32cube.ide.mcu.externaltools.gnu-tools-for-stm32.7-2018-q2-update.win32_1.5.0.202011040924/tools/bin/../lib/gcc/arm-none-eabi/7.3.1/thumb/v7-m/crtbegin.o

.ARM.extab      0x0000000008009958        0x0
                0x0000000008009958                . = ALIGN (0x4)
 *(.ARM.extab* .gnu.linkonce.armextab.*)
                0x0000000008009958                . = ALIGN (0x4)

.ARM            0x0000000008009958        0x0
                0x0000000008009958                . = ALIGN (0x4)
                0x0000000008009958                __exidx_start = .
 *(.ARM.exidx*)
                0x0000000008009958                __exidx_end = .
                0x0000000008009958                . = ALIGN (0x4)

.preinit_array  0x0000000008009958        0x0
                0x0000000008009958                . = ALIGN (0x4)
                0x0000000008009958                PROVIDE (__preinit_array_start = .)
 *(.preinit_array*)
                0x0000000008009958                PROVIDE (__preinit_array_end = .)
                0x0000000008009958                . = ALIGN (0x4)

.init_array     0x0000000008009958        0x4
                0x0000000008009958                . = ALIGN (0x4)
                0x0000000008009958                PROVIDE (__init_array_start = .)
 *(SORT_BY_NAME(.init_array.*))
 *(.init_array*)
 .init_array    0x0000000008009958        0x4 c:/st/stm32cubeide_1.5.1/stm32cubeide/plugins/com.st.stm32cube.ide.mcu.externaltools.gnu-tools-for-stm32.7-2018-q2-update.win32_1.5.0.202011040924/tools/bin/../lib/gcc/arm-none-eabi/7.3.1/thumb/v7-m/crtbegin.o
                0x000000000800995c                PROVIDE (__init_array_end = .)
                0x000000000800995c                . = ALIGN (0x4)

.fini_array     0x000000000800995c        0x4
                0x000000000800995c                . = ALIGN (0x4)
                [!provide]                        PROVIDE (__fini_array_start = .)
 *(SORT_BY_NAME(.fini_array.*))
 *(.fini_array*)
 .fini_array    0x000000000800995c        0x4 c:/st/stm32cubeide_1.5.1/stm32cubeide/plugins/com.st.stm32cube.ide.mcu.externaltools.gnu-tools-for-stm32.7-2018-q2-update.win32_1.5.0.202011040924/tools/bin/../lib/gcc/arm-none-eabi/7.3.1/thumb/v7-m/crtbegin.o
                [!provide]                        PROVIDE (__fini_array_end = .)
                0x0000000008009960                . = ALIGN (0x4)
                0x0000000008009960                _sidata = LOADADDR (.data)

.data           0x0000000020000000        0x0 load address 0x0000000008009960
                0x0000000020000000                . = ALIGN (0x4)
                0x0000000020000000                _sdata = .
 *(.data)
 *(.data*)
 *(.RamFunc)
 *(.RamFunc*)
                0x0000000020000000                . = ALIGN (0x4)
                0x0000000020000000                _edata = .

.igot.plt       0x0000000020000000        0x0 load address 0x0000000008009960
 .igot.plt      0x0000000020000000        0x0 c:/st/stm32cubeide_1.5.1/stm32cubeide/plugins/com.st.stm32cube.ide.mcu.externaltools.gnu-tools-for-stm32.7-2018-q2-update.win32_1.5.0.202011040924/tools/bin/../lib/gcc/arm-none-eabi/7.3.1/thumb/v7-m/crtbegin.o
                0x0000000020000000                . = ALIGN (0x4)

.bss            0x0000000020000000       0x34 load address 0x0000000008009960
                0x0000000020000000                _sbss = .
                0x0000000020000000                __bss_start__ = _sbss
 *(.bss)
 .bss           0x0000000020000000       0x1c c:/st/stm32cubeide_1.5.1/stm32cubeide/plugins/com.st.stm32cube.ide.mcu.externaltools.gnu-tools-for-stm32.7-2018-q2-update.win32_1.5.0.202011040924/tools/bin/../lib/gcc/arm-none-eabi/7.3.1/thumb/v7-m/crtbegin.o
 *(.bss*)
 .bss.EXTI0_pfCallBack
                0x000000002000001c        0x4 Src/EXTI_program.o
 .bss.EXTI1_pfCallBack
                0x0000000020000020        0x4 Src/EXTI_program.o
 .bss.EXTI2_pfCallBack
                0x0000000020000024        0x4 Src/EXTI_program.o
 .bss.EXTI3_pfCallBack
                0x0000000020000028        0x4 Src/EXTI_program.o
 .bss.STK_CallBack
                0x000000002000002c        0x4 Src/STK_program.o
 .bss.STK_u8IntervalMode
                0x0000000020000030        0x1 Src/STK_program.o
 *fill*         0x0000000020000031        0x1 
 .bss.i         0x0000000020000032        0x2 Src/main.o
                0x0000000020000032                i
 *(COMMON)
                0x0000000020000034                . = ALIGN (0x4)
                0x0000000020000034                _ebss = .
                0x0000000020000034                __bss_end__ = _ebss

._user_heap_stack
                0x0000000020000034      0x604 load address 0x0000000008009960
                0x0000000020000038                . = ALIGN (0x8)
 *fill*         0x0000000020000034        0x4 
                [!provide]                        PROVIDE (end = .)
                0x0000000020000038                PROVIDE (_end = .)
                0x0000000020000238                . = (. + _Min_Heap_Size)
 *fill*         0x0000000020000038      0x200 
                0x0000000020000638                . = (. + _Min_Stack_Size)
 *fill*         0x0000000020000238      0x400 
                0x0000000020000638                . = ALIGN (0x8)

/DISCARD/
 libc.a(*)
 libm.a(*)
 libgcc.a(*)

.ARM.attributes
                0x0000000000000000       0x29
 *(.ARM.attributes)
 .ARM.attributes
                0x0000000000000000       0x1d c:/st/stm32cubeide_1.5.1/stm32cubeide/plugins/com.st.stm32cube.ide.mcu.externaltools.gnu-tools-for-stm32.7-2018-q2-update.win32_1.5.0.202011040924/tools/bin/../lib/gcc/arm-none-eabi/7.3.1/thumb/v7-m/crti.o
 .ARM.attributes
                0x000000000000001d       0x2d c:/st/stm32cubeide_1.5.1/stm32cubeide/plugins/com.st.stm32cube.ide.mcu.externaltools.gnu-tools-for-stm32.7-2018-q2-update.win32_1.5.0.202011040924/tools/bin/../lib/gcc/arm-none-eabi/7.3.1/thumb/v7-m/crtbegin.o
 .ARM.attributes
                0x000000000000004a       0x33 Src/EXTI_program.o
 .ARM.attributes
                0x000000000000007d       0x33 Src/GPIO_program.o
 .ARM.attributes
                0x00000000000000b0       0x33 Src/RCC_program.o
 .ARM.attributes
                0x00000000000000e3       0x33 Src/STK_program.o
 .ARM.attributes
                0x0000000000000116       0x33 Src/main.o
 .ARM.attributes
                0x0000000000000149       0x21 Startup/startup_stm32f103c8tx.o
 .ARM.attributes
                0x000000000000016a       0x2d c:/st/stm32cubeide_1.5.1/stm32cubeide/plugins/com.st.stm32cube.ide.mcu.externaltools.gnu-tools-for-stm32.7-2018-q2-update.win32_1.5.0.202011040924/tools/bin/../lib/gcc/arm-none-eabi/7.3.1/../../../../arm-none-eabi/lib/thumb/v7-m\libc_nano.a(lib_a-init.o)
 .ARM.attributes
                0x0000000000000197       0x1d c:/st/stm32cubeide_1.5.1/stm32cubeide/plugins/com.st.stm32cube.ide.mcu.externaltools.gnu-tools-for-stm32.7-2018-q2-update.win32_1.5.0.202011040924/tools/bin/../lib/gcc/arm-none-eabi/7.3.1/thumb/v7-m/crtn.o
OUTPUT(NTI.elf elf32-littlearm)

.debug_info     0x0000000000000000      0xe04
 .debug_info    0x0000000000000000      0x34c Src/EXTI_program.o
 .debug_info    0x000000000000034c      0x402 Src/GPIO_program.o
 .debug_info    0x000000000000074e      0x14a Src/RCC_program.o
 .debug_info    0x0000000000000898      0x26b Src/STK_program.o
 .debug_info    0x0000000000000b03      0x2df Src/main.o
 .debug_info    0x0000000000000de2       0x22 Startup/startup_stm32f103c8tx.o

.debug_abbrev   0x0000000000000000      0x495
 .debug_abbrev  0x0000000000000000      0x10f Src/EXTI_program.o
 .debug_abbrev  0x000000000000010f       0xd4 Src/GPIO_program.o
 .debug_abbrev  0x00000000000001e3       0xa6 Src/RCC_program.o
 .debug_abbrev  0x0000000000000289      0x104 Src/STK_program.o
 .debug_abbrev  0x000000000000038d       0xf6 Src/main.o
 .debug_abbrev  0x0000000000000483       0x12 Startup/startup_stm32f103c8tx.o

.debug_aranges  0x0000000000000000      0x1c8
 .debug_aranges
                0x0000000000000000       0x88 Src/EXTI_program.o
 .debug_aranges
                0x0000000000000088       0x50 Src/GPIO_program.o
 .debug_aranges
                0x00000000000000d8       0x38 Src/RCC_program.o
 .debug_aranges
                0x0000000000000110       0x68 Src/STK_program.o
 .debug_aranges
                0x0000000000000178       0x28 Src/main.o
 .debug_aranges
                0x00000000000001a0       0x28 Startup/startup_stm32f103c8tx.o

.debug_ranges   0x0000000000000000      0x170
 .debug_ranges  0x0000000000000000       0x78 Src/EXTI_program.o
 .debug_ranges  0x0000000000000078       0x40 Src/GPIO_program.o
 .debug_ranges  0x00000000000000b8       0x28 Src/RCC_program.o
 .debug_ranges  0x00000000000000e0       0x58 Src/STK_program.o
 .debug_ranges  0x0000000000000138       0x18 Src/main.o
 .debug_ranges  0x0000000000000150       0x20 Startup/startup_stm32f103c8tx.o

.debug_macro    0x0000000000000000      0x7b5
 .debug_macro   0x0000000000000000       0x3f Src/EXTI_program.o
 .debug_macro   0x000000000000003f       0x10 Src/EXTI_program.o
 .debug_macro   0x000000000000004f       0x3a Src/EXTI_program.o
 .debug_macro   0x0000000000000089       0x40 Src/GPIO_program.o
 .debug_macro   0x00000000000000c9       0x9a Src/GPIO_program.o
 .debug_macro   0x0000000000000163       0x3e Src/RCC_program.o
 .debug_macro   0x00000000000001a1       0x7c Src/RCC_program.o
 .debug_macro   0x000000000000021d       0x22 Src/RCC_program.o
 .debug_macro   0x000000000000023f       0x3f Src/STK_program.o
 .debug_macro   0x000000000000027e       0x28 Src/STK_program.o
 .debug_macro   0x00000000000002a6       0x10 Src/STK_program.o
 .debug_macro   0x00000000000002b6       0xc6 Src/main.o
 .debug_macro   0x000000000000037c       0x22 Src/main.o
 .debug_macro   0x000000000000039e       0x8e Src/main.o
 .debug_macro   0x000000000000042c       0x51 Src/main.o
 .debug_macro   0x000000000000047d       0xef Src/main.o
 .debug_macro   0x000000000000056c       0x6a Src/main.o
 .debug_macro   0x00000000000005d6      0x1df Src/main.o

.debug_line     0x0000000000000000      0xaaf
 .debug_line    0x0000000000000000      0x1ae Src/EXTI_program.o
 .debug_line    0x00000000000001ae      0x19b Src/GPIO_program.o
 .debug_line    0x0000000000000349      0x105 Src/RCC_program.o
 .debug_line    0x000000000000044e      0x168 Src/STK_program.o
 .debug_line    0x00000000000005b6      0x475 Src/main.o
 .debug_line    0x0000000000000a2b       0x84 Startup/startup_stm32f103c8tx.o

.debug_str      0x0000000000000000     0x5069
 .debug_str     0x0000000000000000     0x315c Src/EXTI_program.o
                                       0x31e5 (size before relaxing)
 .debug_str     0x000000000000315c      0x8b4 Src/GPIO_program.o
                                       0x36e4 (size before relaxing)
 .debug_str     0x0000000000003a10      0x5a4 Src/RCC_program.o
                                       0x33b3 (size before relaxing)
 .debug_str     0x0000000000003fb4      0x23c Src/STK_program.o
                                       0x304b (size before relaxing)
 .debug_str     0x00000000000041f0      0xe48 Src/main.o
                                       0x424a (size before relaxing)
 .debug_str     0x0000000000005038       0x31 Startup/startup_stm32f103c8tx.o
                                         0x76 (size before relaxing)

.comment        0x0000000000000000       0x7b
 .comment       0x0000000000000000       0x7b Src/EXTI_program.o
                                         0x7c (size before relaxing)
 .comment       0x000000000000007b       0x7c Src/GPIO_program.o
 .comment       0x000000000000007b       0x7c Src/RCC_program.o
 .comment       0x000000000000007b       0x7c Src/STK_program.o
 .comment       0x000000000000007b       0x7c Src/main.o

.debug_frame    0x0000000000000000      0x5e0
 .debug_frame   0x0000000000000000      0x200 Src/EXTI_program.o
 .debug_frame   0x0000000000000200      0x128 Src/GPIO_program.o
 .debug_frame   0x0000000000000328       0xb0 Src/RCC_program.o
 .debug_frame   0x00000000000003d8      0x18c Src/STK_program.o
 .debug_frame   0x0000000000000564       0x50 Src/main.o
 .debug_frame   0x00000000000005b4       0x2c c:/st/stm32cubeide_1.5.1/stm32cubeide/plugins/com.st.stm32cube.ide.mcu.externaltools.gnu-tools-for-stm32.7-2018-q2-update.win32_1.5.0.202011040924/tools/bin/../lib/gcc/arm-none-eabi/7.3.1/../../../../arm-none-eabi/lib/thumb/v7-m\libc_nano.a(lib_a-init.o)
