EXTI_program.c:25:6:MEXTI_voidInit	4	static
EXTI_program.c:77:6:MEXTI_voidEnableLine	16	static
EXTI_program.c:81:6:MEXTI_voidSetSignalLatch	16	static
EXTI_program.c:96:6:MEXTI_voidDisableLine	16	static
EXTI_program.c:101:6:MEXTI_voidSetSoftwareTrigger	16	static
EXTI_program.c:109:6:MEXTI0_voidSetCallBack	16	static
EXTI_program.c:118:6:MEXTI1_voidSetCallBack	16	static
EXTI_program.c:127:6:MEXTI2_voidSetCallBack	16	static
EXTI_program.c:136:6:MEXTI3_voidSetCallBack	16	static
EXTI_program.c:146:6:EXTI0_IRQHandler	8	static
EXTI_program.c:154:6:EXTI1_IRQHandler	8	static
EXTI_program.c:161:6:EXTI2_IRQHandler	8	static
EXTI_program.c:168:6:EXTI3_IRQHandler	8	static
EXTI_program.c:175:6:EXTI9_5_IRQHandler	4	static
